ddG: description total fa_atr fa_rep fa_sol fa_intra_rep fa_elec pro_close hbond_sr_bb hbond_lr_bb hbond_bb_sc hbond_sc dslf_fa13 rama omega fa_dun p_aa_pp yhh_planarity ref 
ddG: D15G    -0.799     5.141    -0.375    -6.186    -0.004    -0.127    -0.006     0.000     0.000     0.002     0.000     0.000     0.294     0.000    -1.572     0.232     0.000     1.803 

